// Jest Snapshot v1, https://goo.gl/fbAQLP

exports[`ChangeYourAddress Component matches the snapshot 1`] = `
<div
  className="page-content"
>
  <div
    style={
      Object {
        "backgroundColor": "#F2F3F2",
        "padding": 10,
      }
    }
  >
    <p
      style={
        Object {
          "marginBottom": 0,
          "textAlign": "center",
        }
      }
    >
      Change Your Address
    </p>
  </div>
  <div
    style={
      Object {
        "backgroundColor": "#DEE9F7",
        "padding": 10,
      }
    }
  >
    <p
      className="d-flex"
      style={
        Object {
          "fontSize": 14,
          "marginBottom": 0,
        }
      }
    >
      <div
        style={
          Object {
            "border": "1px dotted grey",
            "height": 25,
            "marginRight": 10,
            "textAlign": "center",
            "width": 20,
          }
        }
      >
        P
      </div>
      All fields are required unless stated as optional.
    </p>
  </div>
  <div
    className="mt-4"
  >
    <h5
      style={
        Object {
          "borderBottom": "1px solid grey",
          "paddingBottom": 15,
          "paddingTop": 10,
        }
      }
    >
      Current Address
    </h5>
    <div
      className="pt-3 pb-3"
    >
      <div>
        MR. DUANE TOUGH
      </div>
      <div>
        717-157 ADELAIDE ST W
      </div>
      <div>
        TORONTO, Ontario
      </div>
      <div>
        M5H 4E7
      </div>
      <div>
        410-553-1372
      </div>
    </div>
  </div>
  <div
    className="mt-4"
  >
    <h5
      style={
        Object {
          "borderBottom": "1px solid grey",
          "paddingBottom": 15,
          "paddingTop": 10,
        }
      }
    >
      Enter your details
    </h5>
    <div
      className="pt-3 pb-3"
    >
      <p>
        For joint accounts, submitting this form does not change the contact information for both account holders. The other account holder will also have to submit a form.
      </p>
      <div
        className="mt-3 row"
      >
        <div
          className="col-md-6"
        >
          <label
            className="form-label"
            htmlFor="address"
          >
            Address
          </label>
          <input
            aria-describedby="address"
            className="form-control"
            id="address"
          />
        </div>
        <div
          className="col-md-6"
        >
          <label
            className="form-label"
            htmlFor="city"
          >
            City
          </label>
          <input
            aria-describedby="city"
            className="form-control"
            id="city"
          />
        </div>
      </div>
      <div
        className="mt-3 row"
      >
        <div
          className="col-md-6"
        >
          <label
            className="form-label"
            htmlFor="province"
          >
            Province
          </label>
          <input
            aria-describedby="province"
            className="form-control"
            id="province"
          />
        </div>
        <div
          className="col-md-6"
        >
          <label
            className="form-label"
            htmlFor="postal_code"
          >
            Postal Code
          </label>
          <input
            aria-describedby="postal_code"
            className="form-control"
            id="postal_code"
          />
        </div>
      </div>
      <div
        className="mt-3 row"
      >
        <div
          className="col-md-6"
        >
          <label
            className="form-label"
            htmlFor="home_phone"
          >
            Home Phone
          </label>
          <input
            aria-describedby="home_phone"
            className="form-control"
            id="home_phone"
          />
        </div>
        <div
          className="col-md-6"
        >
          <div
            className="row"
          >
            <div
              className="col-md-8"
            >
              <label
                className="form-label"
                htmlFor="business_phone"
              >
                Business Phone
              </label>
              <input
                aria-describedby="business_phone"
                className="form-control"
                id="business_phone"
              />
            </div>
            <div
              className="col-md-4"
            >
              <label
                className="form-label"
                htmlFor="extension"
              >
                Extension
              </label>
              <input
                aria-describedby="extension"
                className="form-control"
                id="extension"
              />
            </div>
          </div>
        </div>
      </div>
      <div
        className="mt-3 row"
      >
        <div
          className="col-md-6"
        >
          <label
            className="form-label"
            htmlFor="month"
          >
            Effective date
          </label>
          <div
            className="row"
          >
            <div
              className="col-auto"
            >
              <select
                className="form-select"
              >
                <option>
                  Month
                </option>
              </select>
            </div>
            <div
              className="col-auto"
            >
              <select
                className="form-select"
              >
                <option>
                  Day
                </option>
              </select>
            </div>
            <div
              className="col-auto"
            >
              <select
                className="form-select"
              >
                <option>
                  Year
                </option>
              </select>
            </div>
          </div>
        </div>
      </div>
      <div
        className="mt-4 row"
      >
        <div
          className="bg-light p-3 col-md-12"
          style={
            Object {
              "fontWeight": 500,
            }
          }
        >
          <span
            style={
              Object {
                "color": "rgb(220, 53, 69)",
                "marginRight": 5,
              }
            }
          >
            +
          </span>
          <span>
            Note
          </span>
        </div>
      </div>
      <div
        className="mt-4 row"
      >
        <div
          className="col"
        >
          <button
            className="d-flex btn btn-light"
            disabled={false}
            type="button"
          >
            <div
              style={
                Object {
                  "border": "1px dotted grey",
                  "height": 25,
                  "marginRight": 10,
                  "textAlign": "center",
                  "width": 20,
                }
              }
            >
              P
            </div>
            Cancel
          </button>
        </div>
        <div
          className="d-flex justify-content-end col"
        >
          <button
            className="zippy-btn d-flex btn btn-primary"
            disabled={false}
            type="button"
          >
            Next
          </button>
        </div>
      </div>
    </div>
  </div>
</div>
`;
