// Jest Snapshot v1, https://goo.gl/fbAQLP

exports[`Transfer Sent Page Component should render TransferSentPage 1`] = `
<div>
  <div
    class="d-flex align-items-center"
  >
    <div
      style="width: 20px; height: 25px; border: 1px dotted grey; text-align: center; margin-right: 10px;"
    >
      P
    </div>
    <h4>
      Your transfer has been sent
    </h4>
  </div>
  <p>
    If you opted to send a notification of your transfer, your contact will receive it shortly.
  </p>
  <div
    class="mt-4 row"
  >
    <div
      class="col-md-4"
    >
      <label
        class="form-label"
      >
        From:
      </label>
    </div>
    <div
      class="col-md-8"
    >
      <label
        class="form-label"
      >
        source name
      </label>
      <p>
        source@zippy.cash
      </p>
    </div>
  </div>
  <hr
    style="height: 1px; width: 100%;"
  />
  <div
    class="mt-2 row"
  >
    <div
      class="col-md-4"
    >
      <label
        class="form-label"
      >
        To:
      </label>
    </div>
    <div
      class="col-md-8"
    >
      <label
        class="form-label"
      >
        destination name
      </label>
      <p>
        destination@zippy.cash
      </p>
    </div>
  </div>
  <hr
    style="height: 1px; width: 100%;"
  />
  <div
    class="mt-2 row"
  >
    <div
      class="col-md-4"
    >
      <label
        class="form-label"
      >
        Account Balance:
      </label>
    </div>
    <div
      class="col-md-8"
    >
      <label
        class="form-label"
      >
        $2,000.00
      </label>
    </div>
  </div>
  <hr
    style="height: 1px; width: 100%;"
  />
  <div
    class="mt-2 row"
  >
    <div
      class="col-md-4"
    >
      <label
        class="form-label"
      >
        Security Question:
      </label>
    </div>
    <div
      class="col-md-8"
    >
      <label
        class="form-label"
      >
        Security Question
      </label>
    </div>
  </div>
  <hr
    style="height: 1px; width: 100%;"
  />
  <div
    class="mt-2 row"
  >
    <div
      class="col-md-4"
    >
      <label
        class="form-label"
      >
        Response:
      </label>
    </div>
    <div
      class="col-md-8"
    >
      <label
        class="form-label"
      >
        ***************
      </label>
    </div>
  </div>
  <hr
    style="height: 1px; width: 100%;"
  />
  <div
    class="mt-2 row"
  >
    <div
      class="col-md-4"
    >
      <label
        class="form-label"
      >
        Amount:
      </label>
    </div>
    <div
      class="col-md-8"
    >
      <label
        class="form-label"
      >
        $1,000.00
      </label>
    </div>
  </div>
  <hr
    style="height: 1px; width: 100%;"
  />
  <div
    class="mt-2 row"
  >
    <div
      class="col-md-4"
    >
      <label
        class="form-label"
      >
        From Account:
      </label>
    </div>
    <div
      class="col-md-8"
    >
      <label
        class="form-label"
      >
        392 Jones (8000 001 000000000)
      </label>
    </div>
  </div>
  <hr
    style="height: 1px; width: 100%;"
  />
  <div
    class="mt-2 row"
  >
    <div
      class="col-md-4"
    >
      <label
        class="form-label"
      >
        Expiry Date:
      </label>
    </div>
    <div
      class="col-md-8"
    >
      <label
        class="form-label"
      >
        Aug 6, 2021
      </label>
    </div>
  </div>
  <hr
    style="height: 1px; width: 100%;"
  />
  <div
    class="mt-2 row"
  >
    <div
      class="col-md-4"
    >
      <label
        class="form-label"
      >
        Reference Number:(keep for your records)
      </label>
    </div>
    <div
      class="col-md-8"
    >
      <label
        class="form-label"
      >
        123456789
      </label>
    </div>
  </div>
  <p
    class="mt-4"
  >
    Submitted: Mon, Dec 6, 2021, 1:07 PM.
  </p>
  <hr
    style="height: 1px; width: 100%;"
  />
  <div
    class="mt-4 mb-4 row"
  >
    <div
      class="d-flex justify-content-end col"
    >
      <button
        class="d-flex btn btn-outline-danger"
        style="margin-right: 10px;"
        type="button"
      >
        Check Status
      </button>
      <button
        class="zippy-btn d-flex btn btn-primary"
        type="button"
      >
        Send another transfer
      </button>
    </div>
  </div>
  <div
    class="row"
  >
    <div
      class="col-md-8"
    >
      <h4>
        It's safe and easy to get Interac e-Transfer funds deposited directly into your account
      </h4>
      <a
        class="text-danger"
        href="/"
      >
        Register for Autodeposit
        &gt;
      </a>
    </div>
    <div
      class="col-md-4"
    >
      <div
        style="width: 100%; height: 150px; border: 1px dotted grey;"
      >
        p
      </div>
    </div>
  </div>
</div>
`;

exports[`Transfer Sent Page Component should render with the valid values 1`] = `
<div>
  <div
    class="d-flex align-items-center"
  >
    <div
      style="width: 20px; height: 25px; border: 1px dotted grey; text-align: center; margin-right: 10px;"
    >
      P
    </div>
    <h4>
      Your transfer has been sent
    </h4>
  </div>
  <p>
    If you opted to send a notification of your transfer, your contact will receive it shortly.
  </p>
  <div
    class="mt-4 row"
  >
    <div
      class="col-md-4"
    >
      <label
        class="form-label"
      >
        From:
      </label>
    </div>
    <div
      class="col-md-8"
    >
      <label
        class="form-label"
      >
        source name
      </label>
      <p>
        source@zippy.cash
      </p>
    </div>
  </div>
  <hr
    style="height: 1px; width: 100%;"
  />
  <div
    class="mt-2 row"
  >
    <div
      class="col-md-4"
    >
      <label
        class="form-label"
      >
        To:
      </label>
    </div>
    <div
      class="col-md-8"
    >
      <label
        class="form-label"
      >
        destination name
      </label>
      <p>
        destination@zippy.cash
      </p>
    </div>
  </div>
  <hr
    style="height: 1px; width: 100%;"
  />
  <div
    class="mt-2 row"
  >
    <div
      class="col-md-4"
    >
      <label
        class="form-label"
      >
        Account Balance:
      </label>
    </div>
    <div
      class="col-md-8"
    >
      <label
        class="form-label"
      >
        $2,000.00
      </label>
    </div>
  </div>
  <hr
    style="height: 1px; width: 100%;"
  />
  <div
    class="mt-2 row"
  >
    <div
      class="col-md-4"
    >
      <label
        class="form-label"
      >
        Security Question:
      </label>
    </div>
    <div
      class="col-md-8"
    >
      <label
        class="form-label"
      >
        Security Question
      </label>
    </div>
  </div>
  <hr
    style="height: 1px; width: 100%;"
  />
  <div
    class="mt-2 row"
  >
    <div
      class="col-md-4"
    >
      <label
        class="form-label"
      >
        Response:
      </label>
    </div>
    <div
      class="col-md-8"
    >
      <label
        class="form-label"
      >
        ***************
      </label>
    </div>
  </div>
  <hr
    style="height: 1px; width: 100%;"
  />
  <div
    class="mt-2 row"
  >
    <div
      class="col-md-4"
    >
      <label
        class="form-label"
      >
        Amount:
      </label>
    </div>
    <div
      class="col-md-8"
    >
      <label
        class="form-label"
      >
        $1,000.00
      </label>
    </div>
  </div>
  <hr
    style="height: 1px; width: 100%;"
  />
  <div
    class="mt-2 row"
  >
    <div
      class="col-md-4"
    >
      <label
        class="form-label"
      >
        From Account:
      </label>
    </div>
    <div
      class="col-md-8"
    >
      <label
        class="form-label"
      >
        392 Jones (8000 001 000000000)
      </label>
    </div>
  </div>
  <hr
    style="height: 1px; width: 100%;"
  />
  <div
    class="mt-2 row"
  >
    <div
      class="col-md-4"
    >
      <label
        class="form-label"
      >
        Expiry Date:
      </label>
    </div>
    <div
      class="col-md-8"
    >
      <label
        class="form-label"
      >
        Aug 6, 2021
      </label>
    </div>
  </div>
  <hr
    style="height: 1px; width: 100%;"
  />
  <div
    class="mt-2 row"
  >
    <div
      class="col-md-4"
    >
      <label
        class="form-label"
      >
        Reference Number:(keep for your records)
      </label>
    </div>
    <div
      class="col-md-8"
    >
      <label
        class="form-label"
      >
        123456789
      </label>
    </div>
  </div>
  <p
    class="mt-4"
  >
    Submitted: Mon, Dec 6, 2021, 1:07 PM.
  </p>
  <hr
    style="height: 1px; width: 100%;"
  />
  <div
    class="mt-4 mb-4 row"
  >
    <div
      class="d-flex justify-content-end col"
    >
      <button
        class="d-flex btn btn-outline-danger"
        style="margin-right: 10px;"
        type="button"
      >
        Check Status
      </button>
      <button
        class="zippy-btn d-flex btn btn-primary"
        type="button"
      >
        Send another transfer
      </button>
    </div>
  </div>
  <div
    class="row"
  >
    <div
      class="col-md-8"
    >
      <h4>
        It's safe and easy to get Interac e-Transfer funds deposited directly into your account
      </h4>
      <a
        class="text-danger"
        href="/"
      >
        Register for Autodeposit
        &gt;
      </a>
    </div>
    <div
      class="col-md-4"
    >
      <div
        style="width: 100%; height: 150px; border: 1px dotted grey;"
      >
        p
      </div>
    </div>
  </div>
</div>
`;
