// Jest Snapshot v1, https://goo.gl/fbAQLP

exports[`InteracETransferDetails Component matches the snapshot 1`] = `
<div
  className="page-content"
>
  <div
    className="d-flex justify-content-between align-items-center"
  >
    <h3>
      Status
    </h3>
  </div>
  <div
    className="content-wrapper"
  >
    <div
      className="row"
    >
      <div
        className="col-9"
      >
        <div
          className="breadcrumbs noselect"
        >
          <a
            href="/interac-etransfer/status"
          >
            Status
          </a>
          <span>
            Transfer Received
          </span>
        </div>
        <ul
          className="mt-2 mb-3 nav nav-tabs"
          onKeyDown={[Function]}
          role="tablist"
        >
          <li
            className="nav-item"
            role="presentation"
          >
            <button
              aria-controls="status-tab-tabpane-sent"
              className="nav-link"
              data-rr-ui-event-key="sent"
              disabled={false}
              id="status-tab-tab-sent"
              onClick={[Function]}
              role="tab"
              tabIndex={-1}
              type="button"
            >
              Transfer Sent
            </button>
          </li>
          <li
            className="nav-item"
            role="presentation"
          >
            <button
              aria-controls="status-tab-tabpane-received"
              aria-selected={true}
              className="nav-link active"
              data-rr-ui-event-key="received"
              disabled={false}
              id="status-tab-tab-received"
              onClick={[Function]}
              role="tab"
              type="button"
            >
              Transfer Received
            </button>
          </li>
          <li
            className="nav-item"
            role="presentation"
          >
            <button
              aria-controls="status-tab-tabpane-requested"
              className="nav-link"
              data-rr-ui-event-key="requested"
              disabled={false}
              id="status-tab-tab-requested"
              onClick={[Function]}
              role="tab"
              tabIndex={-1}
              type="button"
            >
              Requested Money
            </button>
          </li>
        </ul>
        <div
          className="tab-content"
        >
          <div
            aria-labelledby="status-tab-tab-sent"
            className="tab-pane"
            id="status-tab-tabpane-sent"
          >
            <select
              className="month-select-comp form-select"
              style={
                Object {
                  "maxWidth": 300,
                }
              }
            >
              <optgroup
                label="2022"
              >
                <option
                  value="February 2022"
                >
                  February 2022
                </option>
                <option
                  value="January 2022"
                >
                  January 2022
                </option>
              </optgroup>
              <optgroup
                label="2021"
              >
                <option
                  value="December 2021"
                >
                  December 2021
                </option>
                <option
                  value="November 2021"
                >
                  November 2021
                </option>
                <option
                  value="October 2021"
                >
                  October 2021
                </option>
                <option
                  value="September 2021"
                >
                  September 2021
                </option>
                <option
                  value="August 2021"
                >
                  August 2021
                </option>
                <option
                  value="July 2021"
                >
                  July 2021
                </option>
                <option
                  value="June 2021"
                >
                  June 2021
                </option>
                <option
                  value="May 2021"
                >
                  May 2021
                </option>
                <option
                  value="April 2021"
                >
                  April 2021
                </option>
                <option
                  value="March 2021"
                >
                  March 2021
                </option>
              </optgroup>
            </select>
            <table
              className="mt-2 table"
            >
              <thead>
                <tr
                  className="bg-light border-top-1"
                >
                  <th>
                    Date Sent here
                  </th>
                  <th>
                    Contact
                  </th>
                  <th>
                    Amount
                  </th>
                  <th>
                    Status
                  </th>
                </tr>
              </thead>
              <tbody
                className="border-top-0"
              >
                <tr>
                  <td
                    className="text-center text-gray"
                    colSpan={4}
                  >
                    No Transactions
                  </td>
                </tr>
              </tbody>
            </table>
            <div>
              <div
                className="d-flex justify-content-end row"
              >
                <button
                  className="zippy-btn d-flex btn btn-primary"
                  disabled={false}
                  onClick={[Function]}
                  style={
                    Object {
                      "marginRight": 10,
                      "width": "auto",
                    }
                  }
                  type="button"
                >
                  Send Money
                </button>
              </div>
            </div>
          </div>
          <div
            aria-labelledby="status-tab-tab-received"
            className="tab-pane active"
            id="status-tab-tabpane-received"
          >
            <select
              className="month-select-comp form-select"
              style={
                Object {
                  "maxWidth": 300,
                }
              }
            >
              <optgroup
                label="2022"
              >
                <option
                  value="February 2022"
                >
                  February 2022
                </option>
                <option
                  value="January 2022"
                >
                  January 2022
                </option>
              </optgroup>
              <optgroup
                label="2021"
              >
                <option
                  value="December 2021"
                >
                  December 2021
                </option>
                <option
                  value="November 2021"
                >
                  November 2021
                </option>
                <option
                  value="October 2021"
                >
                  October 2021
                </option>
                <option
                  value="September 2021"
                >
                  September 2021
                </option>
                <option
                  value="August 2021"
                >
                  August 2021
                </option>
                <option
                  value="July 2021"
                >
                  July 2021
                </option>
                <option
                  value="June 2021"
                >
                  June 2021
                </option>
                <option
                  value="May 2021"
                >
                  May 2021
                </option>
                <option
                  value="April 2021"
                >
                  April 2021
                </option>
                <option
                  value="March 2021"
                >
                  March 2021
                </option>
              </optgroup>
            </select>
            <table
              className="mt-2 table"
            >
              <thead>
                <tr
                  className="bg-light border-top-1"
                >
                  <th>
                    Date Received
                  </th>
                  <th>
                    Contact
                  </th>
                  <th>
                    Amount
                  </th>
                  <th>
                    Status
                  </th>
                </tr>
              </thead>
              <tbody
                className="border-top-0"
              >
                <tr>
                  <td
                    className="text-center text-gray"
                    colSpan={4}
                  >
                    No Transactions
                  </td>
                </tr>
              </tbody>
            </table>
          </div>
          <div
            aria-labelledby="status-tab-tab-requested"
            className="tab-pane"
            id="status-tab-tabpane-requested"
          >
            <select
              className="month-select-comp form-select"
              style={
                Object {
                  "maxWidth": 300,
                }
              }
            >
              <optgroup
                label="2022"
              >
                <option
                  value="February 2022"
                >
                  February 2022
                </option>
                <option
                  value="January 2022"
                >
                  January 2022
                </option>
              </optgroup>
              <optgroup
                label="2021"
              >
                <option
                  value="December 2021"
                >
                  December 2021
                </option>
                <option
                  value="November 2021"
                >
                  November 2021
                </option>
                <option
                  value="October 2021"
                >
                  October 2021
                </option>
                <option
                  value="September 2021"
                >
                  September 2021
                </option>
                <option
                  value="August 2021"
                >
                  August 2021
                </option>
                <option
                  value="July 2021"
                >
                  July 2021
                </option>
                <option
                  value="June 2021"
                >
                  June 2021
                </option>
                <option
                  value="May 2021"
                >
                  May 2021
                </option>
                <option
                  value="April 2021"
                >
                  April 2021
                </option>
                <option
                  value="March 2021"
                >
                  March 2021
                </option>
              </optgroup>
            </select>
            <table
              className="mt-2 table"
            >
              <thead>
                <tr
                  className="bg-light border-top-1"
                >
                  <th>
                    Date Requested
                  </th>
                  <th>
                    Contact
                  </th>
                  <th>
                    Amount
                  </th>
                  <th>
                    Status
                  </th>
                </tr>
              </thead>
              <tbody
                className="border-top-0"
              >
                <tr>
                  <td
                    className="text-center text-gray"
                    colSpan={4}
                  >
                    No Transactions
                  </td>
                </tr>
              </tbody>
            </table>
            <div>
              <div
                className="d-flex justify-content-end row"
              >
                <button
                  className="zippy-btn d-flex btn btn-primary"
                  disabled={false}
                  onClick={[Function]}
                  style={
                    Object {
                      "marginRight": 10,
                      "width": "auto",
                    }
                  }
                  type="button"
                >
                  Request Money
                </button>
              </div>
            </div>
          </div>
        </div>
      </div>
      <div
        className="col-3"
      >
        <div
          className="quick-links"
        >
          <div
            className="notify-safe"
          >
            <i
              className="zippy-cash-icon zc-security"
            />
            Online Security Guarantee
          </div>
          <h3>
            You can also
          </h3>
          <ul>
            <li>
              View upcoming bill payments and transfers
            </li>
            <li>
              Register for Interac® e-Transfer Autodeposits
            </li>
            <li>
              Change your statement preferences
            </li>
          </ul>
        </div>
        <div
          className="quick-tips"
        >
          <h4>
            Your Interac e-Transfer Details
          </h4>
          <ul>
            <li>
              To learn more about the status of an Interac® e-Transfer, or to take action on any of your transfers, select the text link under the status column.
            </li>
            <li>
              You can also view information about your Interac® e-Transfer on the Account Details page. Select the account from which you made the transfer to view the details of your transfer in the list of transactions.
            </li>
          </ul>
        </div>
      </div>
    </div>
  </div>
  <div
    className="footer-content-wrapper"
  >
    <div
      className="quick-links container"
    >
      <div
        className="row"
      >
        <h3
          className="col-sm-12"
        >
          Quick Links
        </h3>
      </div>
      <div
        className="row"
      >
        <div
          className="col-sm-2"
        >
          <ul>
            <li>
              <a
                className="text-decoration-none"
                href="/"
                onClick={[Function]}
              >
                Home
              </a>
            </li>
            <li>
              Please Review Our Legal Stuff by visiting our
               
              <a
                className="text-decoration-none"
                href="/legal"
                onClick={[Function]}
              >
                Privacy Policy | TOU | EULA | CardHolder T&C Pages
              </a>
            </li>
          </ul>
        </div>
        <div
          className="col-sm-2"
        >
          8465 W Sahara Ave. Las Vegas, NEVADA
          <ul>
            <li>
              <a
                href="tel:+17026231876"
              >
                1.702.623.1876
              </a>
            </li>
            <li>
              <a
                href="mailto:contact@zippy.cash"
              >
                contact@zippy.cash
              </a>
            </li>
          </ul>
        </div>
      </div>
    </div>
    <div
      className="container"
    >
      <div
        className="row"
      >
        <div
          className="col-md-12 col-sm-12 col-xs-12 text-left"
        >
          © 2021 Zippy Cash LLC  All rights reserved.
          <br />
          <br />
          The Program Manager for the Zippy Cash® Prepaid Visa Debit Card is PayQuicker, LLC
          <br />
          Zippy Cash® is a registered trademark of Zippy Cash, LLC
          <br />
          The Zippy Cash Prepaid Visa Debit Card is issued by Metropolitan Commercial Bank (Member FDIC) pursuant to a license from Visa U.S.A. Inc. “Metropolitan Commercial Bank” and “Metropolitan” are registered trademarks of Metropolitan Commercial Bank ©2014. BY USING THIS CARD YOU AGREE TO THE TERMS AND CONDITIONS OF THE CARDHOLDER AGREEMENT AND FEE SCHEDULE, IF ANY. All trademarks and service marks are the property of their respective owners.
          <br />
          In compliance with the USA PATRIOT Act* and other laws, anyone who is a US resident over 18 with a valid Social Security number and a verifiable physical US address (no PO boxes or APO addresses) can apply for an Zippy Cash Card. This information must be provided, along with other information pertinent to receiving approval, when applying for a Zippy Cash Card. Currently, we do not issue the Zippy Cash Card to residents of Puerto Rico, Guam, the Virgin Islands, American Samoa, or other US territories.
          <br />
          *Important information for opening a card account: To help the federal government fight the funding of terrorism and money laundering activities, the USA PATRIOT Act requires all financial institutions and their third parties to obtain, verify and record information that identifies each person who opens a card account. What this means for you: When you open a card account, we will ask for your name, address, date of birth, social security number or country identification number, and other information that will allows us to identify you. We may also request a copy of your driver’s license or other documentation bearing your photo as verification of your identity.
          <br />
          Apple and the Apple logo are trademarks of Apple Inc., registered in the U.S. and other countries. App Store is a service mark of Apple Inc. Google Play is a trademark of Google Inc. Data rates may apply. Samsung Pay is a trademark of Samsung Inc.
        </div>
      </div>
    </div>
    <footer
      className="container mb-3"
    >
      <div
        className="d-none d-md-block"
      >
        <div
          className="d-flex justify-content-between border-bottom"
        />
        <div
          className="d-flex justify-content-between border-top"
        >
          <div
            className=""
          >
            <div
              className="footer-link mt-1"
            >
              <a
                className="text-decoration-none"
                href="/personal-profile"
              >
                dev docs
              </a>
            </div>
            <div
              className="footer-link mt-1"
            >
              <a
                className="text-decoration-none"
                href="/"
                onClick={[Function]}
              >
                Lore
              </a>
            </div>
            <div
              className="footer-link mt-1"
            >
              <a
                className="text-decoration-none"
                href="/"
                onClick={[Function]}
              >
                Ipsum
              </a>
            </div>
            <div
              className="footer-link mt-1"
            >
              <a
                className="text-decoration-none"
                href="/"
                onClick={[Function]}
              >
                Nullam Atoidio
              </a>
            </div>
          </div>
          <div
            className="copyright mt-1"
          >
            <span>
              © 2021 Lorem ipsum dolor sit amet, consectetuer
            </span>
          </div>
        </div>
      </div>
      <div
        className="d-block d-md-none"
      >
        <div
          className="d-flex border-bottom"
        >
          <div
            className="d-flex flex-column me-2"
          >
            <div
              className="footer-link mt-1"
            >
              <a
                className="text-decoration-none"
                href="/personal-profile"
              >
                dev docs
              </a>
            </div>
            <div
              className="footer-link mb-1"
            >
              <a
                className="text-decoration-none"
                href="/"
                onClick={[Function]}
              >
                Lore
              </a>
            </div>
            <div
              className="footer-link mb-1"
            >
              <a
                className="text-decoration-none"
                href="/"
                onClick={[Function]}
              >
                Ipsum
              </a>
            </div>
            <div
              className="footer-link mb-1"
            >
              <a
                className="text-decoration-none"
                href="/"
                onClick={[Function]}
              >
                Nullam Atoidio
              </a>
            </div>
          </div>
        </div>
        <div
          className="d-flex justify-content-end border-top"
        >
          <div
            className="copyright mt-2 text-end small"
          >
            <span>
              © 2021 Lorem ipsum dolor sit amet, consectetuer
            </span>
          </div>
        </div>
      </div>
    </footer>
  </div>
</div>
`;
