// Jest Snapshot v1, https://goo.gl/fbAQLP

exports[`ContactUs Component matches the snapshot 1`] = `
<div
  className="page-content"
>
  <div
    className="d-flex justify-content-between align-items-center"
  >
    <h3>
      Contact Us
    </h3>
  </div>
  <div
    className="content-wrapper"
  >
    <div
      className="row"
    >
      <div
        className="col-md-9"
      >
        <div
          className="row"
          style={
            Object {
              "marginBottom": "25px",
              "marginTop": "45px",
            }
          }
        >
          <p>
            We welcome your comments and suggestions.Contact us in a way thats convenient for you
          </p>
        </div>
        <div
          className="row"
          style={
            Object {
              "alignItems": "center",
              "justifyContent": "center",
              "marginBottom": "25px",
              "marginTop": "45px",
              "paddingBottom": "5px",
            }
          }
        >
          <div
            className="col-md-9"
            style={
              Object {
                "paddingBottom": "15px",
                "paddingLeft": "30px",
                "paddingTop": "15px",
              }
            }
          >
            <h6>
              Have a question?
            </h6>
            Use our automated help for immediate answers to your questions.
          </div>
          <div
            className="col-md-3"
          >
            <div
              className="row"
            >
              <div
                className="col-md-3"
              >
                <div
                  className="sc-bdvvtL eclls"
                />
              </div>
              <div
                className="col-md-9"
                style={
                  Object {
                    "alignSelf": "center",
                  }
                }
              >
                <button
                  style={
                    Object {
                      "paddingInline": "15px",
                    }
                  }
                  type="button"
                >
                  Ask
                </button>
              </div>
            </div>
          </div>
        </div>
        <div
          className="row"
          style={
            Object {
              "marginBottom": "25px",
              "marginTop": "45px",
            }
          }
        >
          <div
            className="col-md-12"
          >
            <h6>
              Chat with us
            </h6>
            <hr
              style={
                Object {
                  "height": "3px",
                  "marginTop": "0px",
                }
              }
            />
          </div>
          <div
            className="row"
            style={
              Object {
                "paddingBottom": "20px",
              }
            }
          >
            <div
              className="col-md-2"
            >
              <div
                style={
                  Object {
                    "alignItems": "center",
                    "border": "dashed 2px grey",
                    "display": "flex",
                    "height": "50px",
                    "justifyContent": "center",
                    "marginRight": "5px",
                    "textAlign": "center",
                    "width": "50px",
                  }
                }
              >
                icon
              </div>
            </div>
            <div
              className="col-md-10"
            >
              ZippyX's Virtual Assistant is available 24/7 to answer your questions and is able to perfom transactions on your behalf.
            </div>
          </div>
          <div
            className="col-md-4"
          >
            <button
              style={
                Object {
                  "padding": "2px 10px",
                }
              }
              type="button"
            >
              Start chatting
            </button>
          </div>
        </div>
        <div
          className="row"
          style={
            Object {
              "marginBottom": "25px",
              "marginTop": "45px",
            }
          }
        >
          <div
            className="col-md-12"
          >
            <h6>
              Meet with us
            </h6>
            <hr
              style={
                Object {
                  "height": "3px",
                  "marginTop": "0px",
                }
              }
            />
          </div>
          <p>
            Schedule your meeting online - find the time and place that work for you
          </p>
          <div
            className="row row-cols-md-8"
            style={
              Object {
                "alignItems": "center",
              }
            }
          >
            <div
              className="col-md-5"
            >
              <button
                style={
                  Object {
                    "padding": "2px 10px",
                  }
                }
                type="button"
              >
                Book a meeting
              </button>
            </div>
            <div
              className="col-md-2"
            >
              <div
                style={
                  Object {
                    "alignItems": "center",
                    "border": "dashed 2px grey",
                    "display": "flex",
                    "height": "50px",
                    "justifyContent": "center",
                    "marginRight": "5px",
                    "textAlign": "center",
                    "width": "50px",
                  }
                }
              >
                icon
              </div>
            </div>
            <div
              className="col-md-5"
            >
              <span
                style={
                  Object {
                    "textAlign": "center",
                  }
                }
              >
                Review/Cancel a meeting
              </span>
            </div>
          </div>
        </div>
        <div
          className="row"
          style={
            Object {
              "marginBottom": "25px",
              "marginTop": "45px",
            }
          }
        >
          <div
            className="row row-cols-md-8"
            style={
              Object {
                "alignItems": "center",
                "justifyItems": "center",
                "paddingTop": "10px",
              }
            }
          >
            <div
              className="col-md-2"
            >
              <div
                style={
                  Object {
                    "alignItems": "center",
                    "border": "dashed 2px grey",
                    "display": "flex",
                    "height": "50px",
                    "justifyContent": "center",
                    "marginRight": "5px",
                    "textAlign": "center",
                    "width": "50px",
                  }
                }
              >
                icon
              </div>
            </div>
            <div
              className="col"
            >
              <i />
              <a
                href="./"
                style={
                  Object {
                    "color": "black",
                  }
                }
              >
                Find a branch or ATM
              </a>
            </div>
          </div>
        </div>
        <div
          className="row"
          style={
            Object {
              "marginBottom": "25px",
              "marginTop": "45px",
            }
          }
        >
          <div
            className="col-md-12"
          >
            <h6>
              Find the right number to call
            </h6>
            <hr
              style={
                Object {
                  "height": "3px",
                  "marginTop": "0px",
                }
              }
            />
          </div>
          <div
            className="col-md-12"
          >
            <p>
              Select an option to view the contact details
            </p>
          </div>
          <div
            className="col-md-5"
          >
            <div
              className="dropdown"
              style={
                Object {
                  "border": "2px solid gray",
                }
              }
            >
              <button
                aria-expanded={false}
                className="dropdown-toggle btn btn-light"
                disabled={false}
                id="dropdown-basic"
                onClick={[Function]}
                type="button"
              >
                Select an category
              </button>
            </div>
          </div>
        </div>
      </div>
      <div
        className="col-md-3"
      >
        <div
          className="row"
          style={
            Object {
              "border": "solid #AAAAAA 1px",
              "justifyItems": "space-between",
            }
          }
        >
          <h6
            style={
              Object {
                "paddingTop": "10px",
              }
            }
          >
            Frequently Asked Questions
          </h6>
          <h6>
            ZippyX
          </h6>
          <a
            href="url1"
            style={
              Object {
                "color": "black",
                "padding": "8px 8px",
                "textDecoration": "none",
              }
            }
          >
            What hapend when I link an account to my card
          </a>
          <a
            href="url1"
            style={
              Object {
                "color": "black",
                "padding": "8px 8px",
                "textDecoration": "none",
              }
            }
          >
            question1
          </a>
          <hr
            style={
              Object {
                "height": "1px",
                "margin": "10px auto",
                "marginTop": "0px",
                "width": "75%",
              }
            }
          />
          <a
            href="url1"
            style={
              Object {
                "color": "black",
                "padding": "8px 8px",
                "textDecoration": "none",
              }
            }
          >
            question1
          </a>
          <a
            href="url1"
            style={
              Object {
                "color": "black",
                "padding": "8px 8px",
                "textDecoration": "none",
              }
            }
          >
            question1
          </a>
        </div>
      </div>
    </div>
  </div>
  <div
    className="footer-content-wrapper"
  >
    <div
      className="quick-links container"
    >
      <div
        className="row"
      >
        <h3
          className="col-sm-12"
        >
          Quick Links
        </h3>
      </div>
      <div
        className="row"
      >
        <div
          className="col-sm-2"
        >
          <ul>
            <li>
              <a
                className="text-decoration-none"
                href="/"
                onClick={[Function]}
              >
                Home
              </a>
            </li>
            <li>
              Please Review Our Legal Stuff by visiting our
               
              <a
                className="text-decoration-none"
                href="/legal"
                onClick={[Function]}
              >
                Privacy Policy | TOU | EULA | CardHolder T&C Pages
              </a>
            </li>
          </ul>
        </div>
        <div
          className="col-sm-2"
        >
          8465 W Sahara Ave. Las Vegas, NEVADA
          <ul>
            <li>
              <a
                href="tel:+17026231876"
              >
                1.702.623.1876
              </a>
            </li>
            <li>
              <a
                href="mailto:contact@zippy.cash"
              >
                contact@zippy.cash
              </a>
            </li>
          </ul>
        </div>
      </div>
    </div>
    <div
      className="container"
    >
      <div
        className="row"
      >
        <div
          className="col-md-12 col-sm-12 col-xs-12 text-left"
        >
          © 2021 Zippy Cash LLC  All rights reserved.
          <br />
          <br />
          The Program Manager for the Zippy Cash® Prepaid Visa Debit Card is PayQuicker, LLC
          <br />
          Zippy Cash® is a registered trademark of Zippy Cash, LLC
          <br />
          The Zippy Cash Prepaid Visa Debit Card is issued by Metropolitan Commercial Bank (Member FDIC) pursuant to a license from Visa U.S.A. Inc. “Metropolitan Commercial Bank” and “Metropolitan” are registered trademarks of Metropolitan Commercial Bank ©2014. BY USING THIS CARD YOU AGREE TO THE TERMS AND CONDITIONS OF THE CARDHOLDER AGREEMENT AND FEE SCHEDULE, IF ANY. All trademarks and service marks are the property of their respective owners.
          <br />
          In compliance with the USA PATRIOT Act* and other laws, anyone who is a US resident over 18 with a valid Social Security number and a verifiable physical US address (no PO boxes or APO addresses) can apply for an Zippy Cash Card. This information must be provided, along with other information pertinent to receiving approval, when applying for a Zippy Cash Card. Currently, we do not issue the Zippy Cash Card to residents of Puerto Rico, Guam, the Virgin Islands, American Samoa, or other US territories.
          <br />
          *Important information for opening a card account: To help the federal government fight the funding of terrorism and money laundering activities, the USA PATRIOT Act requires all financial institutions and their third parties to obtain, verify and record information that identifies each person who opens a card account. What this means for you: When you open a card account, we will ask for your name, address, date of birth, social security number or country identification number, and other information that will allows us to identify you. We may also request a copy of your driver’s license or other documentation bearing your photo as verification of your identity.
          <br />
          Apple and the Apple logo are trademarks of Apple Inc., registered in the U.S. and other countries. App Store is a service mark of Apple Inc. Google Play is a trademark of Google Inc. Data rates may apply. Samsung Pay is a trademark of Samsung Inc.
        </div>
      </div>
    </div>
    <footer
      className="container mb-3"
    >
      <div
        className="d-none d-md-block"
      >
        <div
          className="d-flex justify-content-between border-bottom"
        />
        <div
          className="d-flex justify-content-between border-top"
        >
          <div
            className=""
          >
            <div
              className="footer-link mt-1"
            >
              <a
                className="text-decoration-none"
                href="/personal-profile"
              >
                dev docs
              </a>
            </div>
            <div
              className="footer-link mt-1"
            >
              <a
                className="text-decoration-none"
                href="/"
                onClick={[Function]}
              >
                Lore
              </a>
            </div>
            <div
              className="footer-link mt-1"
            >
              <a
                className="text-decoration-none"
                href="/"
                onClick={[Function]}
              >
                Ipsum
              </a>
            </div>
            <div
              className="footer-link mt-1"
            >
              <a
                className="text-decoration-none"
                href="/"
                onClick={[Function]}
              >
                Nullam Atoidio
              </a>
            </div>
          </div>
          <div
            className="copyright mt-1"
          >
            <span>
              © 2021 Lorem ipsum dolor sit amet, consectetuer
            </span>
          </div>
        </div>
      </div>
      <div
        className="d-block d-md-none"
      >
        <div
          className="d-flex border-bottom"
        >
          <div
            className="d-flex flex-column me-2"
          >
            <div
              className="footer-link mt-1"
            >
              <a
                className="text-decoration-none"
                href="/personal-profile"
              >
                dev docs
              </a>
            </div>
            <div
              className="footer-link mb-1"
            >
              <a
                className="text-decoration-none"
                href="/"
                onClick={[Function]}
              >
                Lore
              </a>
            </div>
            <div
              className="footer-link mb-1"
            >
              <a
                className="text-decoration-none"
                href="/"
                onClick={[Function]}
              >
                Ipsum
              </a>
            </div>
            <div
              className="footer-link mb-1"
            >
              <a
                className="text-decoration-none"
                href="/"
                onClick={[Function]}
              >
                Nullam Atoidio
              </a>
            </div>
          </div>
        </div>
        <div
          className="d-flex justify-content-end border-top"
        >
          <div
            className="copyright mt-2 text-end small"
          >
            <span>
              © 2021 Lorem ipsum dolor sit amet, consectetuer
            </span>
          </div>
        </div>
      </div>
    </footer>
  </div>
</div>
`;
