// Jest Snapshot v1, https://goo.gl/fbAQLP

exports[`Header Component matches the snapshot 1`] = `
<nav
  className="header-layout navbar navbar-expand-lg navbar-light false"
>
  <div
    className="left-side-header"
  />
  <div
    className="content"
  >
    <div
      className="search-box"
    >
      <i
        className="zippy-cash-icon zc-search"
      />
      <input
        className="form-control"
        onChange={[Function]}
        placeholder="Search..."
        type="input"
      />
      <select
        className="form-select"
        onChange={[Function]}
        value="all"
      >
        <option
          value="all"
        >
          All
        </option>
      </select>
    </div>
  </div>
  <div
    className="right-side-header"
  >
    <button
      aria-controls="navbarSupportedContent"
      aria-expanded="false"
      aria-label="Toggle navigation"
      className="navbar-toggler"
      data-bs-target="#navbarSupportedContent"
      data-bs-toggle="collapse"
      type="button"
    >
      <span
        className="navbar-toggler-icon"
      />
    </button>
    <div
      className="collapse navbar-collapse flex-md-column nav-uppercase"
      id="navbarSupportedContent"
    >
      <ul
        className="navbar-nav"
      >
        <div
          className="nav-item dropdown"
        >
          <a
            aria-expanded={false}
            className="dropdown-toggle nav-link"
            href="#"
            onClick={[Function]}
            onKeyDown={[Function]}
            role="button"
            tabIndex={0}
          >
            header.language
          </a>
        </div>
        <div
          className="nav-item dropdown"
        >
          <a
            aria-expanded={false}
            className="dropdown-toggle nav-link"
            href="#"
            onClick={[Function]}
            onKeyDown={[Function]}
            role="button"
            tabIndex={0}
          >
            header.login
          </a>
        </div>
      </ul>
    </div>
  </div>
</nav>
`;
